// Jest Snapshot v1, https://goo.gl/fbAQLP

exports[`Should test set Origin should the test the component mount successfully 1`] = `ShallowWrapper {}`;
