// Jest Snapshot v1, https://goo.gl/fbAQLP

exports[`MapsView component should test the component renders without fail 1`] = `ShallowWrapper {}`;
